#-----------------------------------------------------------
# Vivado v2023.1 (64-bit)
# SW Build 3865809 on Sun May  7 15:05:29 MDT 2023
# IP Build 3864474 on Sun May  7 20:36:21 MDT 2023
# SharedData Build 3865790 on Sun May 07 13:33:03 MDT 2023
# Start of session at: Thu May 29 23:08:49 2025
# Process ID: 34100
# Current directory: C:/Xilinx/Projects/Xilinx_ZU19EG_PCIe/ZU19_PCIe_AXI_STREAM - iWaveRef/Vivado2023.1/UARTECHO.runs/synth_1
# Command line: vivado.exe -log QC_IntegrationTest_wrapper.vds -product Vivado -mode batch -messageDb vivado.pb -notrace -source QC_IntegrationTest_wrapper.tcl
# Log file: C:/Xilinx/Projects/Xilinx_ZU19EG_PCIe/ZU19_PCIe_AXI_STREAM - iWaveRef/Vivado2023.1/UARTECHO.runs/synth_1/QC_IntegrationTest_wrapper.vds
# Journal file: C:/Xilinx/Projects/Xilinx_ZU19EG_PCIe/ZU19_PCIe_AXI_STREAM - iWaveRef/Vivado2023.1/UARTECHO.runs/synth_1\vivado.jou
# Running On: YousefPC, OS: Windows, CPU Frequency: 2419 MHz, CPU Physical cores: 24, Host memory: 34029 MB
#-----------------------------------------------------------
source QC_IntegrationTest_wrapper.tcl -notrace
